Link.f1()
Link.f1(),Link.f2()
Link.f1(),Link.f2(),Link.f3()
Link.f1(),Link.f2(),Link.f3(),Link.f4()
Link.f1(),Link.f2(),Link.f3(),Link.f4(),Link.f5()
Link.f1(),Link.f2(),Link.f3(),Link.f4(),Link.f5(),Link.f6()
Link.f1(),Link.f2(),Link.f3()
Link.f1(),Link.f2(),Link.f3(),Link.f4(),Link.f5()
Link.f1(),Link.f2(),Link.f3(),Link.f4(),Link.f5(),Link.f6()
