Loop.f1(),Loop.f2(),Loop.f3()
Loop.f1(),Loop.f2(),Loop.f3()
Loop.f1(),Loop.f2(),Loop.f3()
Loop.f1(),Loop.f2(),Loop.f3()
Loop.f1(),Loop.f2(),Loop.f3()
Loop.f1(),Loop.f2(),Loop.f3()
Loop.f1(),Loop.f2(),Loop.f3()
