Misc.f1(),Misc.f2(),Misc.f3(),Misc.f4(),Misc.f7()
Misc.f1(),Misc.f2(),Misc.f3(),Misc.f4(),Misc.f7()
Misc.f1(),Misc.f2(),Misc.f3(),Misc.f4(),Misc.f7()
Misc.f4()
Misc.f1(),Misc.f2(),Misc.f3(),Misc.f4(),Misc.f5(),Misc.f7()
Misc.f1(),Misc.f2(),Misc.f3(),Misc.f4(),Misc.f5(),Misc.f6(),Misc.f7()
Misc.f1(),Misc.f2(),Misc.f3(),Misc.f4(),Misc.f7()
Misc.f8()
Misc.f8(),Misc.f9()
Misc.f10(),Misc.f8()
Misc.f10(),Misc.f11(),Misc.f12(),Misc.f8(),Misc.f9()
Misc.f10(),Misc.f11(),Misc.f12(),Misc.f8(),Misc.f9()
Misc.f10(),Misc.f13(),Misc.f8()
Misc.f1(),Misc.f2(),Misc.f3(),Misc.f4(),Misc.f5(),Misc.f6(),Misc.f7(),Misc.f8()
Misc.f1(),Misc.f2(),Misc.f3(),Misc.f4(),Misc.f7()
Misc.f1(),Misc.f2(),Misc.f3(),Misc.f4(),Misc.f7(),Misc.f8(),Misc.f9()
Misc.f10(),Misc.f11(),Misc.f12(),Misc.f8(),Misc.f9()
Misc.f1(),Misc.f10(),Misc.f2(),Misc.f3(),Misc.f4(),Misc.f7(),Misc.f8(),Misc.f9()
